  AI.cpp
D:\C++\Pixapirate\Pixapirate\AI.cpp(71,21): warning C4244: '=': conversion from 'double' to 'float', possible loss of data
D:\C++\Pixapirate\Pixapirate\AI.cpp(114,18): warning C4244: 'initializing': conversion from 'double' to 'float', possible loss of data
D:\C++\Pixapirate\Pixapirate\AI.cpp(314,21): warning C4244: '=': conversion from 'double' to 'float', possible loss of data
D:\C++\Pixapirate\Pixapirate\AI.cpp(606,48): warning C4244: 'argument': conversion from 'float' to 'int', possible loss of data
D:\C++\Pixapirate\Pixapirate\AI.cpp(606,39): warning C4244: 'argument': conversion from 'float' to 'int', possible loss of data
D:\C++\Pixapirate\Pixapirate\AI.cpp(636,50): warning C4244: 'argument': conversion from 'float' to 'int', possible loss of data
D:\C++\Pixapirate\Pixapirate\AI.cpp(636,41): warning C4244: 'argument': conversion from 'float' to 'int', possible loss of data
D:\C++\Pixapirate\Pixapirate\AI.cpp(689,49): warning C4244: 'argument': conversion from 'float' to 'int', possible loss of data
  Chunks.cpp
D:\C++\Pixapirate\Pixapirate\Engine\Chunks.cpp(33,45): warning C4244: 'argument': conversion from 'float' to 'int', possible loss of data
D:\C++\Pixapirate\Pixapirate\Engine\Chunks.cpp(53,48): warning C4244: 'argument': conversion from 'float' to 'int', possible loss of data
D:\C++\Pixapirate\Pixapirate\Engine\Chunks.cpp(86,61): warning C4244: 'argument': conversion from 'float' to 'int', possible loss of data
D:\C++\Pixapirate\Pixapirate\Engine\Chunks.cpp(290,52): warning C4244: 'argument': conversion from 'float' to 'int', possible loss of data
D:\C++\Pixapirate\Pixapirate\Engine\Chunks.cpp(290,43): warning C4244: 'argument': conversion from 'float' to 'int', possible loss of data
D:\C++\Pixapirate\Pixapirate\Engine\Chunks.cpp(309,18): warning C4244: 'initializing': conversion from 'float' to 'int', possible loss of data
D:\C++\Pixapirate\Pixapirate\Engine\Chunks.cpp(310,19): warning C4244: 'initializing': conversion from 'float' to 'int', possible loss of data
D:\C++\Pixapirate\Pixapirate\Engine\Chunks.cpp(311,17): warning C4244: 'initializing': conversion from 'float' to 'int', possible loss of data
D:\C++\Pixapirate\Pixapirate\Engine\Chunks.cpp(312,20): warning C4244: 'initializing': conversion from 'float' to 'int', possible loss of data
D:\C++\Pixapirate\Pixapirate\Engine\Chunks.cpp(331,58): warning C4244: 'argument': conversion from 'float' to 'int', possible loss of data
D:\C++\Pixapirate\Pixapirate\Engine\Chunks.cpp(336,58): warning C4244: 'argument': conversion from 'float' to 'int', possible loss of data
  DrawingPipeline.cpp
D:\C++\Pixapirate\Pixapirate\Engine\DrawingPipeline.cpp(47,21): error C2429: language feature 'structured bindings' requires compiler flag '/std:c++17'
D:\C++\Pixapirate\Pixapirate\Engine\DrawingPipeline.cpp(49,35): error C3312: no callable 'begin' function found for type '<error>'
D:\C++\Pixapirate\Pixapirate\Engine\DrawingPipeline.cpp(49,35): error C3312: no callable 'end' function found for type '<error>'
D:\C++\Pixapirate\Pixapirate\Engine\DrawingPipeline.cpp(49,33): error C2143: syntax error: missing ';' before ':'
D:\C++\Pixapirate\Pixapirate\Engine\DrawingPipeline.cpp(49,40): error C2143: syntax error: missing ';' before ')'
  Pathfinding.cpp
D:\C++\Pixapirate\Pixapirate\Engine\Pathfinding.cpp(33,29): warning C4244: 'argument': conversion from 'float' to 'int', possible loss of data
D:\C++\Pixapirate\Pixapirate\Engine\Pathfinding.cpp(33,24): warning C4244: 'argument': conversion from 'float' to 'int', possible loss of data
D:\C++\Pixapirate\Pixapirate\Engine\Pathfinding.cpp(43,16): warning C4244: 'initializing': conversion from 'float' to 'int', possible loss of data
D:\C++\Pixapirate\Pixapirate\Engine\Pathfinding.cpp(44,16): warning C4244: 'initializing': conversion from 'float' to 'int', possible loss of data
D:\C++\Pixapirate\Pixapirate\Engine\Pathfinding.cpp(45,14): warning C4244: 'initializing': conversion from 'float' to 'int', possible loss of data
D:\C++\Pixapirate\Pixapirate\Engine\Pathfinding.cpp(46,14): warning C4244: 'initializing': conversion from 'float' to 'int', possible loss of data
D:\C++\Pixapirate\Pixapirate\Engine\Pathfinding.cpp(74,60): warning C4244: 'argument': conversion from 'int' to 'float', possible loss of data
D:\C++\Pixapirate\Pixapirate\Engine\Pathfinding.cpp(125,67): warning C4244: 'argument': conversion from 'int' to 'float', possible loss of data
  Spritesplitter.cpp
  InputManager.cpp
  EventManager.cpp
  Pixapirate.cpp
  Player.cpp
D:\C++\Pixapirate\Pixapirate\Player.cpp(17,32): warning C4244: 'argument': conversion from 'float' to 'int', possible loss of data
D:\C++\Pixapirate\Pixapirate\Player.cpp(208,36): warning C4244: 'argument': conversion from 'float' to 'int', possible loss of data
